﻿[dotenv@17.3.1] injecting env (5) from .env -- tip: ΓÜÖ∩╕Å  specify custom .env file path with { path: '/custom/path/.env' }
node : D:\Conatruction_ERP\server\node_modules\@prisma\client\runtime
\client.js:70
At line:1 char:1
+ node test_inventory_fix.js > test_output.txt 2>&1
+ ~~~~~~~~~~~~~~~~~~~~~~~~~~~~~~~~~~~~~~~~~~~~~~~~~
    + CategoryInfo          : NotSpecified: (D:\Conatruction...me\cl 
   ient.js:70:String) [], RemoteException
    + FullyQualifiedErrorId : NativeCommandError
 
${n}`}var $l=require("@prisma/client-runtime-utils");function 
Vl(e){return e.length===0?Promise.resolve([]):new 
Promise((t,r)=>{let n=new Array(e.length),i=null,o=!1,s=0,a=()=>{o||(
s++,s===e.length&&(o=!0,i?r(i):t(n)))},l=u=>{o||(o=!0,r(u))};for(let 
u=0;u<e.length;u++)e[u].then(c=>{n[u]=c,a()},c=>{if(!(0,$l.hasBatchIn
dex)(c)){l(c);return}c.batchRequestIdx===u?l(c):(i||(i=c),a())})})}va
r Ut=F("prisma:client");typeof 
globalThis=="object"&&(globalThis.NODE_CLIENT=!0);var Tm={requestArgs
ToMiddlewareArgs:e=>e,middlewareArgsToRequestArgs:e=>e},Sm=Symbol.for
("prisma.client.transaction.id"),Am={id:0,nextId(){return++this.id}};
function Ql(e){class t{_originalClient=this;_runtimeDataModel;_reques
tHandler;_connectionPromise;_disconnectionPromise;_engineConfig;_acce
lerateEngineConfig;_clientVersion;_errorFormat;_tracingHelper;_previe
wFeatures;_activeProvider;_globalOmit;_extensions;_engine;_appliedPar
ent;_createPrismaPromise=pi();constructor(n){if(!n)throw new 
w.PrismaClientInitializationError("`PrismaClient` needs to be 
constructed with a non-empty, valid 
`PrismaClientOptions`:\n\n```\nnew PrismaClient({\n  
...\n})\n```\n\nor\n\n```\nconstructor() {\n  super({ ... 
});\n}\n```\n          
",gi);e=n.__internal?.configOverride?.(e)??e,Ll(n,e);let i=new Bl.Eve
ntEmitter().on("error",()=>{});this._extensions=Ue.empty(),this._prev
iewFeatures=e.previewFeatures,this._clientVersion=e.clientVersion??gi
,this._activeProvider=e.activeProvider,this._globalOmit=n?.omit,this.
_tracingHelper=Sl();let o;if(n.adapter){o=n.adapter;let s=e.activePro
vider==="postgresql"||e.activeProvider==="cockroachdb"?"postgres":e.a
ctiveProvider;if(o.provider!==s)throw new 
w.PrismaClientInitializationError(`The Driver Adapter 
\`${o.adapterName}\`, based on \`${o.provider}\`, is not compatible 
with the provider \`${s}\` specified in the Prisma 
schema.`,this._clientVersion)}try{let s=n??{},l=(s.__internal??{}).de
bug===!0;if(l&&F.enable("prisma:client"),s.errorFormat?this._errorFor
mat=s.errorFormat:process.env.NODE_ENV==="production"?this._errorForm
at="minimal":process.env.NO_COLOR?this._errorFormat="colorless":this.
_errorFormat="colorless",this._runtimeDataModel=e.runtimeDataModel,th
is._engineConfig={enableDebugLogs:l,logLevel:s.log&&vl(s.log),logQuer
ies:s.log&&!!(typeof 
s.log=="string"?s.log==="query":s.log.find(u=>typeof u=="string"?u===
"query":u.level==="query")),compilerWasm:e.compilerWasm,clientVersion
:e.clientVersion,previewFeatures:this._previewFeatures,activeProvider
:e.activeProvider,inlineSchema:e.inlineSchema,tracingHelper:this._tra
cingHelper,transactionOptions:{maxWait:s.transactionOptions?.maxWait?
?2e3,timeout:s.transactionOptions?.timeout??5e3,isolationLevel:s.tran
sactionOptions?.isolationLevel},logEmitter:i,adapter:o,accelerateUrl:
s.accelerateUrl,sqlCommenters:s.comments,parameterizationSchema:e.par
ameterizationSchema,runtimeDataModel:e.runtimeDataModel},this._accele
rateEngineConfig=Object.create(this._engineConfig),this._accelerateEn
gineConfig.accelerateUtils={resolveDatasourceUrl:()=>{if(s.accelerate
Url)return s.accelerateUrl;throw new 
w.PrismaClientInitializationError(`\`accelerateUrl\` is required 
when using \`@prisma/extension-accelerate\`:
                                                                     
                                                                     
                                                                     
                                                                     
                                                                     
                                                                     
                                                                     
                                                                     
                                                                     
                                                                     
                                                                     
                                                                     
                                                                     
                                                        ^

PrismaClientInitializationError: `PrismaClient` needs to be 
constructed with a non-empty, valid `PrismaClientOptions`:

```
new PrismaClient({
  ...
})
```

or

```
constructor() {
  super({ ... });
}
```
          
    at new t (D:\Conatruction_ERP\server\node_modules\@prisma\client\
runtime\client.js:70:960)
    at Object.<anonymous> 
(D:\Conatruction_ERP\server\test_inventory_fix.js:3:16)
    at Module._compile (node:internal/modules/cjs/loader:1812:14)
    at Object..js (node:internal/modules/cjs/loader:1943:10)
    at Module.load (node:internal/modules/cjs/loader:1533:32)
    at Module._load (node:internal/modules/cjs/loader:1335:12)
    at wrapModuleLoad (node:internal/modules/cjs/loader:255:19)
    at Module.executeUserEntryPoint [as runMain] 
(node:internal/modules/run_main:154:5)
    at node:internal/main/run_main_module:33:47 {
  clientVersion: '7.4.0',
  errorCode: undefined,
  retryable: undefined
}

Node.js v24.14.0
